LTspice 24.1.6 for Windows
Circuit: C:\Users\User\Desktop\srijan_yash\question_1.net
Start Time: Sun Mar 30 11:53:35 2025
Ignoring BSIM parameter XL
Ignoring BSIM parameter XW
Ignoring BSIM parameter XL
Ignoring BSIM parameter XW
solver = Normal
Maximum thread count: 20
tnom = 27
temp = 27
method = modified trap
Warning: Pd = 0 is less than W.
Warning: Ps = 0 is less than W.
Warning: Pd = 0 is less than W.
Warning: Ps = 0 is less than W.
Warning: Pd = 0 is less than W.
Warning: Ps = 0 is less than W.
.step 
Total elapsed time: 0.074 seconds.

Files loaded:
C:\Users\User\Desktop\srijan_yash\question_1.net
C:\Users\User\AppData\Local\LTspice\lib\cmp\standard.mos
C:\Users\User\Downloads\library files to be used.txt

